###############################################################################
#
# IAR ELF Linker V8.32.2.178/W32 for ARM                  06/Feb/2019  21:30:28
# Copyright 2007-2018 IAR Systems AB.
#
#    Output file  =  
#        C:\Users\aphan\OneDrive\Desktop\Winter 2019\CSE & EE 474\Labs\Lab
#        4\lab4_starter\lab4_starter\LCD\Debug\Exe\LCD_lab.out
#    Map file     =  
#        C:\Users\aphan\OneDrive\Desktop\Winter 2019\CSE & EE 474\Labs\Lab
#        4\lab4_starter\lab4_starter\LCD\Debug\List\LCD_lab.map
#    Command line =  
#        -f C:\Users\aphan\AppData\Local\Temp\EW173.tmp
#        ("C:\Users\aphan\OneDrive\Desktop\Winter 2019\CSE & EE 474\Labs\Lab
#        4\lab4_starter\lab4_starter\LCD\Debug\Obj\cstartup_M.o"
#        "C:\Users\aphan\OneDrive\Desktop\Winter 2019\CSE & EE 474\Labs\Lab
#        4\lab4_starter\lab4_starter\LCD\Debug\Obj\main.o"
#        "C:\Users\aphan\OneDrive\Desktop\Winter 2019\CSE & EE 474\Labs\Lab
#        4\lab4_starter\lab4_starter\LCD\Debug\Obj\part3.o"
#        "C:\Users\aphan\OneDrive\Desktop\Winter 2019\CSE & EE 474\Labs\Lab
#        4\lab4_starter\lab4_starter\LCD\Debug\Obj\PLL.o"
#        "C:\Users\aphan\OneDrive\Desktop\Winter 2019\CSE & EE 474\Labs\Lab
#        4\lab4_starter\lab4_starter\LCD\Debug\Obj\SSD2119.o"
#        --no_out_extension -o "C:\Users\aphan\OneDrive\Desktop\Winter 2019\CSE
#        & EE 474\Labs\Lab
#        4\lab4_starter\lab4_starter\LCD\Debug\Exe\LCD_lab.out" --redirect
#        _Printf=_PrintfFullNoMb --redirect _Scanf=_ScanfFullNoMb --map
#        "C:\Users\aphan\OneDrive\Desktop\Winter 2019\CSE & EE 474\Labs\Lab
#        4\lab4_starter\lab4_starter\LCD\Debug\List\LCD_lab.map" --config
#        "C:\Program Files (x86)\IAR Systems\Embedded Workbench
#        8.2\arm\config\linker\TexasInstruments\TM4C123GH6.icf" --semihosting
#        --entry __iar_program_start --vfe --text_out locale)
#
###############################################################################

*******************************************************************************
*** RUNTIME MODEL ATTRIBUTES
***

CppFlavor       = *
__SystemLibrary = DLib
__dlib_version  = 6


*******************************************************************************
*** HEAP SELECTION
***

The basic heap was selected because some modules are built with
size limitations (and not runtime checking), and --advanced_heap
was not specified.


*******************************************************************************
*** PLACEMENT SUMMARY
***

"A0":  place at 0x0 { ro section .intvec };
"P1":  place in [from 0x0 to 0x3'ffff] { ro };
define block CSTACK with size = 4K, alignment = 8 { };
define block HEAP with size = 8K, alignment = 8 { };
"P2":  place in [from 0x2000'0000 to 0x2000'7fff] {
          rw, block CSTACK, block HEAP };

  Section          Kind         Address    Size  Object
  -------          ----         -------    ----  ------
"A0":                                      0x90
  .intvec          const            0x0    0x90  cstartup_M.o [1]
                                 - 0x90    0x90

"P1":                                    0x1170
  .text            ro code         0x90   0xb60  SSD2119.o [1]
  .text            ro code        0xbf0    0x48  FltToDbl.o [3]
  .text            ro code        0xc38    0x2a  FltToS32.o [3]
  .text            ro code        0xc62    0x3a  zero_init3.o [4]
  .text            ro code        0xc9c   0x288  part3.o [1]
  .rodata          const          0xf24   0x1e0  SSD2119.o [1]
  .text            ro code       0x1104    0x28  data_init.o [4]
  .iar.init_table  const         0x112c    0x10  - Linker created -
  .text            ro code       0x113c    0x1e  cmain.o [4]
  .text            ro code       0x115a     0x4  low_level_init.o [2]
  .text            ro code       0x115e     0xa  main.o [1]
  .text            ro code       0x1168     0x4  exit.o [2]
  .text            ro code       0x116c     0xa  cexit.o [4]
  .text            ro code       0x1176     0x2  cstartup_M.o [1]
  .text            ro code       0x1178    0x14  exit.o [5]
  .rodata          const         0x118c    0x10  part3.o [1]
  .rodata          const         0x119c    0x10  SSD2119.o [1]
  .rodata          const         0x11ac    0x10  SSD2119.o [1]
  .rodata          const         0x11bc    0x10  SSD2119.o [1]
  .text            ro code       0x11cc    0x10  cstartup_M.o [1]
  .rodata          const         0x11dc     0x8  SSD2119.o [1]
  .rodata          const         0x11e4     0x4  SSD2119.o [1]
  .rodata          const         0x11e8     0x4  SSD2119.o [1]
  .rodata          const         0x11ec     0x4  SSD2119.o [1]
  .text            ro code       0x11f0     0x2  cstartup_M.o [1]
  .text            ro code       0x11f2     0x2  cstartup_M.o [1]
  .text            ro code       0x11f4     0x2  cstartup_M.o [1]
  .text            ro code       0x11f6     0x2  cstartup_M.o [1]
  .text            ro code       0x11f8     0x2  cstartup_M.o [1]
  .text            ro code       0x11fa     0x2  cstartup_M.o [1]
  .text            ro code       0x11fc     0x2  cstartup_M.o [1]
  .text            ro code       0x11fe     0x2  cstartup_M.o [1]
  .rodata          const         0x1200     0x0  zero_init3.o [4]
                               - 0x1200  0x1170

"P2", part 1 of 2:                         0x10
  .bss             zero     0x2000'0000     0x4  part3.o [1]
  .bss             zero     0x2000'0004     0x2  SSD2119.o [1]
  .bss             zero     0x2000'0006     0x2  SSD2119.o [1]
  .bss             zero     0x2000'0008     0x2  SSD2119.o [1]
  .bss             zero     0x2000'000a     0x2  SSD2119.o [1]
  .bss             zero     0x2000'000c     0x2  SSD2119.o [1]
                          - 0x2000'000e     0xe

"P2", part 2 of 2:                       0x1000
  CSTACK                    0x2000'0010  0x1000  <Block>
    CSTACK         uninit   0x2000'0010  0x1000  <Block tail>
                          - 0x2000'1010  0x1000

Unused ranges:

         From           To      Size
         ----           --      ----
       0x1200     0x3'ffff  0x3'ee00
  0x2000'1010  0x2000'7fff    0x6ff0


*******************************************************************************
*** INIT TABLE
***

          Address      Size
          -------      ----
Zero (__iar_zero_init3)
    1 destination range, total size 0xe:
          0x2000'0000   0xe



*******************************************************************************
*** MODULE SUMMARY
***

    Module            ro code  ro data  rw data
    ------            -------  -------  -------
command line/config:
    -------------------------------------------
    Total:

C:\Users\aphan\OneDrive\Desktop\Winter 2019\CSE & EE 474\Labs\Lab 4\lab4_starter\lab4_starter\LCD\Debug\Obj: [1]
    SSD2119.o           2 912      548       10
    cstartup_M.o           34      144
    main.o                 10
    part3.o               648       16        4
    -------------------------------------------
    Total:              3 604      708       14

dl7M_tln.a: [2]
    exit.o                  4
    low_level_init.o        4
    -------------------------------------------
    Total:                  8

m7M_tl.a: [3]
    FltToDbl.o             72
    FltToS32.o             42
    -------------------------------------------
    Total:                114

rt7M_tl.a: [4]
    cexit.o                10
    cmain.o                30
    data_init.o            40
    zero_init3.o           58
    -------------------------------------------
    Total:                138

shb_l.a: [5]
    exit.o                 20
    -------------------------------------------
    Total:                 20

    Linker created                  16    4 096
-----------------------------------------------
    Grand Total:        3 884      724    4 110


*******************************************************************************
*** ENTRY LIST
***

Entry                       Address   Size  Type      Object
-----                       -------   ----  ----      ------
.iar.init_table$$Base        0x112c          --   Gb  - Linker created -
.iar.init_table$$Limit       0x113c          --   Gb  - Linker created -
?main                        0x113d         Code  Gb  cmain.o [4]
ADC_Init                      0x85d   0x80  Code  Gb  SSD2119.o [1]
ADC_Read                      0x8e5   0x26  Code  Gb  SSD2119.o [1]
ADC_SetChannel                0x90b   0x30  Code  Gb  SSD2119.o [1]
ASCII                         0xf24  0x1e0  Data  Lc  SSD2119.o [1]
CSTACK$$Base            0x2000'0010          --   Gb  - Linker created -
CSTACK$$Limit           0x2000'1010          --   Gb  - Linker created -
GREEN_LED_Off                 0xd4b    0xc  Code  Gb  part3.o [1]
GREEN_LED_On                  0xd3f    0xc  Code  Gb  part3.o [1]
LCD_DrawFilledRect            0x7bd   0x62  Code  Gb  SSD2119.o [1]
LCD_DrawPixel                 0x789   0x34  Code  Gb  SSD2119.o [1]
LCD_GPIOInit                   0x91   0x98  Code  Gb  SSD2119.o [1]
LCD_Goto                      0x477   0x2e  Code  Gb  SSD2119.o [1]
LCD_Init                      0x1b3  0x1a2  Code  Gb  SSD2119.o [1]
LCD_PrintBinary               0x67f   0x9e  Code  Gb  SSD2119.o [1]
LCD_PrintChar                 0x375   0xd4  Code  Gb  SSD2119.o [1]
LCD_PrintFloat                0x71d   0x40  Code  Gb  SSD2119.o [1]
LCD_PrintHex                  0x603   0x7c  Code  Gb  SSD2119.o [1]
LCD_PrintInteger              0x599   0x6a  Code  Gb  SSD2119.o [1]
LCD_PrintString               0x449   0x20  Code  Gb  SSD2119.o [1]
LCD_SetCursor                 0x469    0xe  Code  Gb  SSD2119.o [1]
LCD_SetTextColor              0x4a5   0x14  Code  Gb  SSD2119.o [1]
LCD_WriteCommand              0x129   0x42  Code  Gb  SSD2119.o [1]
LCD_WriteData                 0x16b   0x48  Code  Gb  SSD2119.o [1]
RED_LED_Off                   0xd7b    0xc  Code  Gb  part3.o [1]
RED_LED_On                    0xd6f    0xc  Code  Gb  part3.o [1]
Region$$Table$$Base          0x112c          --   Gb  - Linker created -
Region$$Table$$Limit         0x113c          --   Gb  - Linker created -
Switch_Input                  0xd87   0x6c  Code  Gb  part3.o [1]
Timer_Handler                 0xe11   0x14  Code  Gb  part3.o [1]
Touch_Init                    0x81f   0x3e  Code  Gb  SSD2119.o [1]
Touch_ReadX                   0x945   0xce  Code  Gb  SSD2119.o [1]
Touch_ReadY                   0xa19   0xac  Code  Gb  SSD2119.o [1]
Touch_ReadZ1                  0xac9   0xa6  Code  Gb  SSD2119.o [1]
Touch_XVal              0x2000'000a    0x2  Data  Gb  SSD2119.o [1]
Touch_YVal              0x2000'000c    0x2  Data  Gb  SSD2119.o [1]
YELLOW_LED_Off                0xd63    0xc  Code  Gb  part3.o [1]
YELLOW_LED_On                 0xd57    0xc  Code  Gb  part3.o [1]
__aeabi_f2d                   0xbf1         Code  Gb  FltToDbl.o [3]
__aeabi_f2iz                  0xc39         Code  Gb  FltToS32.o [3]
__cmain                      0x113d         Code  Gb  cmain.o [4]
__exit                       0x1179   0x14  Code  Gb  exit.o [5]
__iar_data_init3             0x1105   0x28  Code  Gb  data_init.o [4]
__iar_program_start          0x11cd   0x10  Code  Gb  cstartup_M.o [1]
__iar_zero_init3              0xc63   0x3a  Code  Gb  zero_init3.o [4]
__low_level_init             0x115b    0x4  Code  Gb  low_level_init.o [2]
__vector_table                  0x0   0x90  Data  Gb  cstartup_M.o [1]
_call_main                   0x1149         Code  Gb  cmain.o [4]
_exit                        0x116d         Code  Gb  cexit.o [4]
_main                        0x1157         Code  Gb  cmain.o [4]
convertColor                  0x355   0x20  Code  Gb  SSD2119.o [1]
counter                 0x2000'0000    0x4  Data  Gb  part3.o [1]
cursorX                 0x2000'0004    0x2  Data  Gb  SSD2119.o [1]
cursorY                 0x2000'0006    0x2  Data  Gb  SSD2119.o [1]
drawPedestrianButton          0xe3b   0x16  Code  Gb  part3.o [1]
drawStartStopButton           0xe25   0x16  Code  Gb  part3.o [1]
exit                         0x1169    0x4  Code  Gb  exit.o [2]
led_main                      0xe51   0x8c  Code  Gb  part3.o [1]
main                         0x115f    0xa  Code  Gb  main.o [1]
printf                        0x4b9   0xe0  Code  Gb  SSD2119.o [1]
setUp                         0xc9d   0x56  Code  Gb  part3.o [1]
setUpCounter                  0xcf3   0x4c  Code  Gb  part3.o [1]
textColor               0x2000'0008    0x2  Data  Gb  SSD2119.o [1]
wait5Sec                      0xdf3   0x1e  Code  Gb  part3.o [1]


[1] = C:\Users\aphan\OneDrive\Desktop\Winter 2019\CSE & EE 474\Labs\Lab 4\lab4_starter\lab4_starter\LCD\Debug\Obj
[2] = dl7M_tln.a
[3] = m7M_tl.a
[4] = rt7M_tl.a
[5] = shb_l.a

  3 884 bytes of readonly  code memory
    724 bytes of readonly  data memory
  4 110 bytes of readwrite data memory

Errors: none
Warnings: none
