###############################################################################
#
# IAR ELF Linker V8.32.2.178/W32 for ARM                  08/Mar/2019  09:36:06
# Copyright 2007-2018 IAR Systems AB.
#
#    Output file  =  
#        C:\ti\TivaWare_C_Series-2.1.4.178\examples\boards\ek-tm4c123gxl\freertos_demo\ewarm\Exe\freertos_demo.out
#    Map file     =  
#        C:\ti\TivaWare_C_Series-2.1.4.178\examples\boards\ek-tm4c123gxl\freertos_demo\ewarm\List\freertos_demo.map
#    Command line =  
#        -f C:\Users\aphan\AppData\Local\Temp\EWAA62.tmp
#        (C:\ti\TivaWare_C_Series-2.1.4.178\examples\boards\ek-tm4c123gxl\freertos_demo\ewarm\Obj\buttons.o
#        C:\ti\TivaWare_C_Series-2.1.4.178\driverlib\ewarm\Exe\driverlib.a
#        C:\ti\TivaWare_C_Series-2.1.4.178\examples\boards\ek-tm4c123gxl\freertos_demo\ewarm\Obj\freertos_demo.o
#        C:\ti\TivaWare_C_Series-2.1.4.178\examples\boards\ek-tm4c123gxl\freertos_demo\ewarm\Obj\gpio.o
#        C:\ti\TivaWare_C_Series-2.1.4.178\examples\boards\ek-tm4c123gxl\freertos_demo\ewarm\Obj\heap_2.o
#        C:\ti\TivaWare_C_Series-2.1.4.178\examples\boards\ek-tm4c123gxl\freertos_demo\ewarm\Obj\led_task.o
#        C:\ti\TivaWare_C_Series-2.1.4.178\examples\boards\ek-tm4c123gxl\freertos_demo\ewarm\Obj\list.o
#        C:\ti\TivaWare_C_Series-2.1.4.178\examples\boards\ek-tm4c123gxl\freertos_demo\ewarm\Obj\part3.o
#        C:\ti\TivaWare_C_Series-2.1.4.178\examples\boards\ek-tm4c123gxl\freertos_demo\ewarm\Obj\port.o
#        C:\ti\TivaWare_C_Series-2.1.4.178\examples\boards\ek-tm4c123gxl\freertos_demo\ewarm\Obj\portasm.o
#        C:\ti\TivaWare_C_Series-2.1.4.178\examples\boards\ek-tm4c123gxl\freertos_demo\ewarm\Obj\queue.o
#        C:\ti\TivaWare_C_Series-2.1.4.178\examples\boards\ek-tm4c123gxl\freertos_demo\ewarm\Obj\rgb.o
#        C:\ti\TivaWare_C_Series-2.1.4.178\examples\boards\ek-tm4c123gxl\freertos_demo\ewarm\Obj\sleep.o
#        C:\ti\TivaWare_C_Series-2.1.4.178\examples\boards\ek-tm4c123gxl\freertos_demo\ewarm\Obj\SSD2119.o
#        C:\ti\TivaWare_C_Series-2.1.4.178\examples\boards\ek-tm4c123gxl\freertos_demo\ewarm\Obj\startup_ewarm.o
#        C:\ti\TivaWare_C_Series-2.1.4.178\examples\boards\ek-tm4c123gxl\freertos_demo\ewarm\Obj\stepper.o
#        C:\ti\TivaWare_C_Series-2.1.4.178\examples\boards\ek-tm4c123gxl\freertos_demo\ewarm\Obj\switch_task.o
#        C:\ti\TivaWare_C_Series-2.1.4.178\examples\boards\ek-tm4c123gxl\freertos_demo\ewarm\Obj\SysTick.o
#        C:\ti\TivaWare_C_Series-2.1.4.178\examples\boards\ek-tm4c123gxl\freertos_demo\ewarm\Obj\tasks.o
#        C:\ti\TivaWare_C_Series-2.1.4.178\examples\boards\ek-tm4c123gxl\freertos_demo\ewarm\Obj\timerCustom.o
#        C:\ti\TivaWare_C_Series-2.1.4.178\examples\boards\ek-tm4c123gxl\freertos_demo\ewarm\Obj\uartstdio.o
#        C:\ti\TivaWare_C_Series-2.1.4.178\examples\boards\ek-tm4c123gxl\freertos_demo\ewarm\Obj\ustdlib.o
#        --redirect _Printf=_PrintfTiny --redirect _Scanf=_ScanfSmallNoMb
#        --no_out_extension -o
#        C:\ti\TivaWare_C_Series-2.1.4.178\examples\boards\ek-tm4c123gxl\freertos_demo\ewarm\Exe\freertos_demo.out
#        --map
#        C:\ti\TivaWare_C_Series-2.1.4.178\examples\boards\ek-tm4c123gxl\freertos_demo\ewarm\List\freertos_demo.map
#        --config
#        C:\ti\TivaWare_C_Series-2.1.4.178\examples\boards\ek-tm4c123gxl\freertos_demo\freertos_demo.icf
#        --semihosting --entry __iar_program_start --vfe --text_out locale)
#
###############################################################################

*******************************************************************************
*** MESSAGES
***

Warning[Lt009]: Inconsistent wchar_t size
            uart.o(driverlib.a) and 3 other objects in driverlib.a have wchar_t
                      size 16 bits
            buttons.o and 32 other objects, some of them in dl7M_tln.a and 11
                      other libraries have wchar_t size 32 bits


*******************************************************************************
*** RUNTIME MODEL ATTRIBUTES
***

CppFlavor       = *
__SystemLibrary = DLib
__dlib_version  = 6


*******************************************************************************
*** HEAP SELECTION
***

The basic heap was selected because some modules are built with
size limitations (and not runtime checking), and --advanced_heap
was not specified.


*******************************************************************************
*** PLACEMENT SUMMARY
***

"A0":  place at start of [from 0x0 to 0x3'ffff] { ro section .intvec };
"P1":  place in [from 0x0 to 0x3'ffff] { ro };
define block HEAP with size = 0M, alignment = 8 { };
"P2":  place in [from 0x2000'0000 to 0x2000'7fff] { rw, block HEAP };
do not initialize { section .noinit };
initialize by copy { rw };

No sections matched the following patterns:

  section VTABLE  in "A1"


  Section            Kind         Address    Size  Object
  -------            ----         -------    ----  ------
"A0":                                       0x26c
  .intvec            const            0x0   0x26c  startup_ewarm.o [1]
                                  - 0x26c   0x26c

"P1":                                      0x2bff
  .text              ro code        0x26c   0x938  SSD2119.o [1]
  .text              ro code        0xba4    0x48  FltToDbl.o [4]
  .text              ro code        0xbec   0x76c  tasks.o [1]
  .text              ro code       0x1358   0x198  port.o [1]
  .text              ro code       0x14f0    0x90  list.o [1]
  .text              ro code       0x1580   0x2a8  timerCustom.o [1]
  .text              ro code       0x1828   0x5a8  freertos_demo.o [1]
  .text              ro code       0x1dd0    0xe4  heap_2.o [1]
  .text              ro code       0x1eb4    0x3a  ABImemset48.o [5]
  .text              ro code       0x1eee    0x7a  lz77_init_single.o [5]
  .text              ro code       0x1f68    0x28  port.o [1]
  CODE               ro code       0x1f90    0xa8  portasm.o [1]
  .text              ro code       0x2038   0x48c  queue.o [1]
  .text              ro code       0x24c4     0x6  uart.o [3]
  .text              ro code       0x24ca    0x3a  zero_init3.o [5]
  .text              ro code       0x2504   0x264  uartstdio.o [1]
  .text              ro code       0x2768    0x18  ABImemcpy_small.o [5]
  .text              ro code       0x2780    0x18  strcpy.o [5]
  .text              ro code       0x2798    0x88  stepper.o [1]
  .text              ro code       0x2820    0x12  ABImemset_small.o [5]
  .text              ro code       0x2834    0x38  SysTick.o [1]
  .rodata            const         0x286c   0x1e0  SSD2119.o [1]
  .rodata            const         0x2a4c    0xec  freertos_demo.o [1]
  .rodata            const         0x2b38    0xcc  freertos_demo.o [1]
  .rodata            const         0x2c04    0x30  stepper.o [1]
  .text              ro code       0x2c34    0x28  data_init.o [5]
  .text              ro code       0x2c5c    0x22  fpinit_M.o [4]
  .iar.init_table    const         0x2c80    0x20  - Linker created -
  .text              ro code       0x2ca0    0x1e  cmain.o [5]
  .text              ro code       0x2cbe     0x4  low_level_init.o [2]
  .text              ro code       0x2cc2     0x4  exit.o [2]
  .text              ro code       0x2cc8     0xa  cexit.o [5]
  .text              ro code       0x2cd4    0x14  exit.o [6]
  .text              ro code       0x2ce8    0x1a  startup_ewarm.o [1]
  .text              ro code       0x2d02     0xc  cstartup_M.o [5]
  .rodata            const         0x2d0e     0x0  zero_init3.o [5]
  .rodata            const         0x2d0e     0x0  lz77_init_single.o [5]
  Initializer bytes  const         0x2d0e   0x15d  <for P2-1>
                                 - 0x2e6b  0x2bff

"P2", part 1 of 3:                         0x7554
  P2-1                        0x2000'0000  0x7554  <Init block>
    .data            inited   0x2000'0000  0x7548  heap_2.o [1]
    .data            inited   0x2000'7548     0x4  port.o [1]
    .data            inited   0x2000'754c     0x8  uartstdio.o [1]
                            - 0x2000'7554  0x7554

"P2", part 2 of 3:                          0x284
  .bss               zero     0x2000'7554   0x140  tasks.o [1]
  .bss               zero     0x2000'7694    0x9c  tasks.o [1]
  .bss               zero     0x2000'7730    0x50  queue.o [1]
  .bss               zero     0x2000'7780    0x38  timerCustom.o [1]
  .bss               zero     0x2000'77b8     0xc  port.o [1]
  .bss               zero     0x2000'77c4     0x8  stepper.o [1]
  .bss               zero     0x2000'77cc     0x6  SSD2119.o [1]
  .bss               zero     0x2000'77d2     0x4  SSD2119.o [1]
                            - 0x2000'77d6   0x282

"P2", part 3 of 3:                          0x200
  .noinit            uninit   0x2000'77d8   0x200  startup_ewarm.o [1]
                            - 0x2000'79d8   0x200

Unused ranges:

         From           To      Size
         ----           --      ----
       0x2e6b     0x3'ffff  0x3'd195
  0x2000'79d8  0x2000'7fff     0x628


*******************************************************************************
*** INIT TABLE
***

          Address      Size
          -------      ----
Zero (__iar_zero_init3)
    1 destination range, total size 0x282:
          0x2000'7554   0x282

Copy/lz77 (__iar_lz77_init_single3)
    1 source range, total size 0x15d (1% of destination):
               0x2d0e   0x15d
    1 destination range, total size 0x7554:
          0x2000'0000  0x7554



*******************************************************************************
*** MODULE SUMMARY
***

    Module              ro code  ro data  rw data
    ------              -------  -------  -------
command line/config:
    ---------------------------------------------
    Total:

C:\ti\TivaWare_C_Series-2.1.4.178\examples\boards\ek-tm4c123gxl\freertos_demo\ewarm\Obj: [1]
    SSD2119.o             2 360      480       10
    SysTick.o                56
    freertos_demo.o       1 448      440
    heap_2.o                228      348   30 024
    list.o                  144
    port.o                  448                16
    portasm.o               168
    queue.o               1 164                80
    startup_ewarm.o          26      620      512
    stepper.o               136       48        8
    tasks.o               1 900               476
    timerCustom.o           680                56
    uartstdio.o             612        1        8
    ---------------------------------------------
    Total:                9 370    1 937   31 190

dl7M_tln.a: [2]
    exit.o                    4
    low_level_init.o          4
    ---------------------------------------------
    Total:                    8

driverlib.a: [3]
    uart.o                    6
    ---------------------------------------------
    Total:                    6

m7M_tls.a: [4]
    FltToDbl.o               72
    fpinit_M.o               34
    ---------------------------------------------
    Total:                  106

rt7M_tl.a: [5]
    ABImemcpy_small.o        24
    ABImemset48.o            58
    ABImemset_small.o        18
    cexit.o                  10
    cmain.o                  30
    cstartup_M.o             12
    data_init.o              40
    lz77_init_single.o      122
    strcpy.o                 24
    zero_init3.o             58
    ---------------------------------------------
    Total:                  396

shb_l.a: [6]
    exit.o                   20
    ---------------------------------------------
    Total:                   20

    Gaps                      6        2
    Linker created                    32
-------------------------------------------------
    Grand Total:          9 912    1 971   31 190


*******************************************************************************
*** ENTRY LIST
***

Entry                       Address    Size  Type      Object
-----                       -------    ----  ----      ------
.iar.init_table$$Base        0x2c80           --   Gb  - Linker created -
.iar.init_table$$Limit       0x2ca0           --   Gb  - Linker created -
?main                        0x2ca1          Code  Gb  cmain.o [5]
ADC_Init                      0x875    0x5c  Code  Gb  SSD2119.o [1]
ADC_Read                      0x8db    0x1a  Code  Gb  SSD2119.o [1]
ADC_SetChannel                0x8f5    0x28  Code  Gb  SSD2119.o [1]
ASCII                        0x286c   0x1e0  Data  Lc  SSD2119.o [1]
ConfigureUART                0x182b    0x56  Code  Gb  freertos_demo.o [1]
FaultISR                     0x2cff     0x2  Code  Lc  startup_ewarm.o [1]
GPIO_PortD_Initialization
                             0x1bfb    0x28  Code  Gb  freertos_demo.o [1]
IntDefaultHandler            0x2d01     0x2  Code  Lc  startup_ewarm.o [1]
LCD_DrawFilledRect            0x7ed    0x44  Code  Gb  SSD2119.o [1]
LCD_DrawPixel                 0x7c5    0x28  Code  Gb  SSD2119.o [1]
LCD_GPIOInit                  0x26d    0x78  Code  Gb  SSD2119.o [1]
LCD_Goto                      0x589    0x1c  Code  Gb  SSD2119.o [1]
LCD_Init                      0x34f   0x17e  Code  Gb  SSD2119.o [1]
LCD_PrintBinary               0x6f7    0x78  Code  Gb  SSD2119.o [1]
LCD_PrintChar                 0x4e1    0x86  Code  Gb  SSD2119.o [1]
LCD_PrintFloat                0x77b    0x4a  Code  Gb  SSD2119.o [1]
LCD_PrintHex                  0x695    0x62  Code  Gb  SSD2119.o [1]
LCD_PrintInteger              0x647    0x4e  Code  Gb  SSD2119.o [1]
LCD_PrintString               0x567    0x18  Code  Gb  SSD2119.o [1]
LCD_SetCursor                 0x57f     0xa  Code  Gb  SSD2119.o [1]
LCD_SetTextColor              0x5a5     0xe  Code  Gb  SSD2119.o [1]
LCD_WriteCommand              0x2e5    0x26  Code  Gb  SSD2119.o [1]
LCD_WriteData                 0x30b    0x24  Code  Gb  SSD2119.o [1]
NmiSR                        0x2cfd     0x2  Code  Lc  startup_ewarm.o [1]
Pos                     0x2000'77c4     0x1  Data  Gb  stepper.o [1]
Pt                      0x2000'77c8     0x4  Data  Gb  stepper.o [1]
Region$$Table$$Base          0x2c80           --   Gb  - Linker created -
Region$$Table$$Limit         0x2ca0           --   Gb  - Linker created -
ResetISR                     0x2ce9     0xe  Code  Gb  startup_ewarm.o [1]
Stepper_CW                   0x2799    0x1e  Code  Gb  stepper.o [1]
Stepper_Init                 0x27b7    0x50  Code  Gb  stepper.o [1]
SysTick_Init                 0x2835    0x14  Code  Gb  SysTick.o [1]
SysTick_Wait                 0x2849    0x1a  Code  Gb  SysTick.o [1]
Touch_Init                    0x845    0x30  Code  Gb  SSD2119.o [1]
Touch_ReadX                   0x91d    0xaa  Code  Gb  SSD2119.o [1]
Touch_ReadY                   0x9c7    0x9e  Code  Gb  SSD2119.o [1]
Touch_ReadZ1                  0xa75    0x3c  Code  Gb  SSD2119.o [1]
Touch_XVal              0x2000'77d2     0x2  Data  Gb  SSD2119.o [1]
Touch_YVal              0x2000'77d4     0x2  Data  Gb  SSD2119.o [1]
UARTClockSourceSet           0x24c5     0x6  Code  Gb  uart.o [3]
UARTStdioConfig              0x2505    0x4c  Code  Gb  uartstdio.o [1]
UARTgets::bLastWasCR    0x2000'754c     0x1  Data  Lc  uartstdio.o [1]
UARTprintf                   0x2723     0xe  Code  Gb  uartstdio.o [1]
UARTvprintf                  0x2591   0x188  Code  Gb  uartstdio.o [1]
UARTwrite                    0x2551    0x36  Code  Gb  uartstdio.o [1]
__aeabi_f2d                   0xba5          Code  Gb  FltToDbl.o [4]
__aeabi_memset4              0x1eb5          Code  Gb  ABImemset48.o [5]
__aeabi_memset8              0x1eb5          Code  Gb  ABImemset48.o [5]
__cmain                      0x2ca1          Code  Gb  cmain.o [5]
__exit                       0x2cd5    0x14  Code  Gb  exit.o [6]
__iar_Memset4_word           0x1ebd          Code  Gb  ABImemset48.o [5]
__iar_Memset8_word           0x1ebd          Code  Gb  ABImemset48.o [5]
__iar_data_init3             0x2c35    0x28  Code  Gb  data_init.o [5]
__iar_init_vfp               0x2c5d          Code  Gb  fpinit_M.o [4]
__iar_lz77_init_single3
                             0x1eef    0x7a  Code  Gb  lz77_init_single.o [5]
__iar_program_start          0x2d03          Code  Gb  cstartup_M.o [5]
__iar_small_Memcpy           0x276d          Code  Gb  ABImemcpy_small.o [5]
__iar_small_Memset           0x2821          Code  Gb  ABImemset_small.o [5]
__iar_small_Memset_word
                             0x2821          Code  Gb  ABImemset_small.o [5]
__iar_small_memcpy           0x2769          Code  Gb  ABImemcpy_small.o [5]
__iar_small_memcpy4          0x2769          Code  Gb  ABImemcpy_small.o [5]
__iar_small_memcpy8          0x2769          Code  Gb  ABImemcpy_small.o [5]
__iar_small_memset           0x2821          Code  Gb  ABImemset_small.o [5]
__iar_zero_init3             0x24cb    0x3a  Code  Gb  zero_init3.o [5]
__low_level_init             0x2cbf     0x4  Code  Gb  low_level_init.o [2]
__vector_table                  0x0   0x26c  Data  Gb  startup_ewarm.o [1]
_call_main                   0x2cad          Code  Gb  cmain.o [5]
_exit                        0x2cc9          Code  Gb  cexit.o [5]
_main                        0x2cbb          Code  Gb  cmain.o [5]
convertColor                  0x4d1    0x10  Code  Gb  SSD2119.o [1]
cursorX                 0x2000'77cc     0x2  Data  Gb  SSD2119.o [1]
cursorY                 0x2000'77ce     0x2  Data  Gb  SSD2119.o [1]
eTaskConfirmSleepModeStatus
                             0x1119    0x24  Code  Gb  tasks.o [1]
exit                         0x2cc3     0x4  Code  Gb  exit.o [2]
fsm                          0x2c04    0x30  Data  Gb  stepper.o [1]
g_ui32Base              0x2000'7550     0x4  Data  Lc  uartstdio.o [1]
g_ui32UARTBase               0x2750     0xc  Data  Lc  uartstdio.o [1]
g_ui32UARTPeriph             0x275c     0xc  Data  Lc  uartstdio.o [1]
initial_screen               0x192f    0x9e  Code  Gb  freertos_demo.o [1]
main                         0x1c39    0x3a  Code  Gb  freertos_demo.o [1]
playing_screen               0x1881    0xae  Code  Gb  freertos_demo.o [1]
printf                        0x5b3    0x8c  Code  Gb  SSD2119.o [1]
prvAddCurrentTaskToDelayedList
                             0x118d    0x32  Code  Lc  tasks.o [1]
prvAllocateTCBAndStack       0x11bf    0x38  Code  Lc  tasks.o [1]
prvCheckForValidListAndQueue
                             0x17c9    0x46  Code  Lc  timerCustom.o [1]
prvCopyDataFromQueue         0x23d5    0x28  Code  Lc  queue.o [1]
prvCopyDataToQueue           0x2367    0x6e  Code  Lc  queue.o [1]
prvGetExpectedIdleTime        0xd5b    0x20  Code  Lc  tasks.o [1]
prvIdleTask                  0x10b1    0x68  Code  Lc  tasks.o [1]
prvInitialiseTCBVariables
                             0x113d    0x50  Code  Lc  tasks.o [1]
prvInsertTimerInActiveList
                             0x1793    0x34  Code  Lc  timerCustom.o [1]
prvResetNextTaskUnblockTime
                             0x11f7    0x1a  Code  Lc  tasks.o [1]
prvSampleTimeNow             0x1723    0x70  Code  Lc  timerCustom.o [1]
prvSampleTimeNow::xLastTime
                        0x2000'778c     0x4  Data  Lc  timerCustom.o [1]
prvTaskExitError             0x137d    0x10  Code  Lc  port.o [1]
prvTimerTask                 0x15f5   0x12e  Code  Lc  timerCustom.o [1]
prvUnlockQueue               0x23fd    0x60  Code  Lc  queue.o [1]
pui32Stack              0x2000'77d8   0x200  Data  Lc  startup_ewarm.o [1]
pvPortMalloc                 0x1dd1    0xaa  Code  Gb  heap_2.o [1]
pvPortMalloc::xHeapHasBeenInitialised
                        0x2000'0014     0x4  Data  Lc  heap_2.o [1]
pvTaskIncrementMutexHeldCount
                             0x131d    0x12  Code  Gb  tasks.o [1]
pxCurrentTCB            0x2000'76bc     0x4  Data  Gb  tasks.o [1]
pxCurrentTimerList      0x2000'7780     0x4  Data  Lc  timerCustom.o [1]
pxDelayedTaskList       0x2000'76c0     0x4  Data  Lc  tasks.o [1]
pxOverflowDelayedTaskList
                        0x2000'76c4     0x4  Data  Lc  tasks.o [1]
pxOverflowTimerList     0x2000'7784     0x4  Data  Lc  timerCustom.o [1]
pxPortInitialiseStack        0x1359    0x22  Code  Gb  port.o [1]
pxReadyTasksLists       0x2000'7554   0x140  Data  Lc  tasks.o [1]
strcpy                       0x2781          Code  Gb  strcpy.o [5]
textColor               0x2000'77d0     0x2  Data  Gb  SSD2119.o [1]
turn_motor                   0x1c23    0x14  Code  Gb  freertos_demo.o [1]
ucHeap                  0x2000'0018  0x7530  Data  Lc  heap_2.o [1]
ulStoppedTimerCompensation
                        0x2000'77c0     0x4  Data  Lc  port.o [1]
ulTimerCountsForOneTick
                        0x2000'77b8     0x4  Data  Lc  port.o [1]
uxCriticalNesting       0x2000'7548     0x4  Data  Lc  port.o [1]
uxCurrentNumberOfTasks  0x2000'76e0     0x4  Data  Lc  tasks.o [1]
uxListRemove                 0x155d    0x24  Code  Gb  list.o [1]
uxPendedTicks           0x2000'76f0     0x4  Data  Lc  tasks.o [1]
uxSchedulerSuspended    0x2000'7704     0x4  Data  Lc  tasks.o [1]
uxTaskNumber            0x2000'76fc     0x4  Data  Lc  tasks.o [1]
uxTasksDeleted          0x2000'76c8     0x4  Data  Lc  tasks.o [1]
uxTopReadyPriority      0x2000'76e8     0x4  Data  Lc  tasks.o [1]
vApplicationStackOverflowHook
                             0x1829     0x2  Code  Gb  freertos_demo.o [1]
vListInitialise              0x14f1    0x1a  Code  Gb  list.o [1]
vListInitialiseItem          0x150b     0x6  Code  Gb  list.o [1]
vListInsert                  0x152b    0x32  Code  Gb  list.o [1]
vListInsertEnd               0x1511    0x1a  Code  Gb  list.o [1]
vPortEnableVFP               0x201d          Code  Gb  portasm.o [1]
vPortEnterCritical           0x13c1    0x18  Code  Gb  port.o [1]
vPortExitCritical            0x13d9    0x10  Code  Gb  port.o [1]
vPortFree                    0x1e7b    0x36  Code  Gb  heap_2.o [1]
vPortSVCHandler              0x1fe9          Code  Gb  portasm.o [1]
vPortStartFirstTask          0x2005          Code  Gb  portasm.o [1]
vPortSuppressTicksAndSleep
                             0x1421    0xd0  Code  Wk  port.o [1]
vQueueAddToRegistry          0x245d    0x20  Code  Gb  queue.o [1]
vQueueWaitForMessageRestricted
                             0x2485    0x40  Code  Gb  queue.o [1]
vTaskMissedYield             0x10a5     0xa  Code  Gb  tasks.o [1]
vTaskPlaceOnEventList         0xf55    0x28  Code  Gb  tasks.o [1]
vTaskPlaceOnEventListRestricted
                              0xfa7    0x46  Code  Gb  tasks.o [1]
vTaskPriorityInherit         0x1229    0x80  Code  Gb  tasks.o [1]
vTaskSetTimeOutState         0x104f     0xe  Code  Gb  tasks.o [1]
vTaskStartScheduler           0xcfd    0x52  Code  Gb  tasks.o [1]
vTaskStepTick                 0xe27     0xc  Code  Gb  tasks.o [1]
vTaskSuspendAll               0xd4f     0xc  Code  Gb  tasks.o [1]
vTaskSwitchContext            0xee3    0x72  Code  Gb  tasks.o [1]
virtual_button_task1         0x19e5   0x1f2  Code  Gb  freertos_demo.o [1]
xActiveTimerList1       0x2000'7790    0x14  Data  Lc  timerCustom.o [1]
xActiveTimerList2       0x2000'77a4    0x14  Data  Lc  timerCustom.o [1]
xDelayedTaskList1       0x2000'7708    0x14  Data  Lc  tasks.o [1]
xDelayedTaskList2       0x2000'771c    0x14  Data  Lc  tasks.o [1]
xEnd                    0x2000'0008     0x8  Data  Lc  heap_2.o [1]
xFreeBytesRemaining     0x2000'0010     0x4  Data  Lc  heap_2.o [1]
xMaximumPossibleSuppressedTicks
                        0x2000'77bc     0x4  Data  Lc  port.o [1]
xNextTaskUnblockTime    0x2000'7700     0x4  Data  Lc  tasks.o [1]
xNumOfOverflows         0x2000'76f8     0x4  Data  Lc  tasks.o [1]
xPendingReadyList       0x2000'7694    0x14  Data  Lc  tasks.o [1]
xPortPendSVHandler           0x1f91          Code  Gb  portasm.o [1]
xPortStartScheduler          0x138d    0x34  Code  Gb  port.o [1]
xPortSysTickHandler          0x13e9    0x26  Code  Gb  port.o [1]
xQueueGenericCreate          0x20a7    0x44  Code  Gb  queue.o [1]
xQueueGenericReceive         0x221b   0x118  Code  Gb  queue.o [1]
xQueueGenericReset           0x2039    0x6e  Code  Gb  queue.o [1]
xQueueGenericSend            0x20eb    0xe8  Code  Gb  queue.o [1]
xQueueGenericSendFromISR
                             0x21d3    0x48  Code  Gb  queue.o [1]
xQueueRegistry          0x2000'7730    0x50  Data  Gb  queue.o [1]
xSchedulerRunning       0x2000'76ec     0x4  Data  Lc  tasks.o [1]
xStart                  0x2000'0000     0x8  Data  Lc  heap_2.o [1]
xSuspendedTaskList      0x2000'76cc    0x14  Data  Lc  tasks.o [1]
xTaskCheckForTimeOut         0x105d    0x48  Code  Gb  tasks.o [1]
xTaskGenericCreate            0xbed   0x106  Code  Gb  tasks.o [1]
xTaskGetSchedulerState       0x1211    0x18  Code  Gb  tasks.o [1]
xTaskGetTickCount             0xe1d     0x2  Code  Gb  tasks.o [1]
xTaskIncrementTick            0xe33    0xb0  Code  Gb  tasks.o [1]
xTaskPriorityDisinherit
                             0x12af    0x6e  Code  Gb  tasks.o [1]
xTaskRemoveFromEventList
                              0xff5    0x54  Code  Gb  tasks.o [1]
xTaskResumeAll                0xd7b    0x96  Code  Gb  tasks.o [1]
xTasksWaitingTermination
                        0x2000'76a8    0x14  Data  Lc  tasks.o [1]
xTickCount              0x2000'76e4     0x4  Data  Lc  tasks.o [1]
xTimerCreateTimerTask        0x1581    0x32  Code  Gb  timerCustom.o [1]
xTimerGenericCommand         0x15b3    0x40  Code  Gb  timerCustom.o [1]
xTimerQueue             0x2000'7788     0x4  Data  Lc  timerCustom.o [1]
xYieldPending           0x2000'76f4     0x4  Data  Lc  tasks.o [1]


[1] = C:\ti\TivaWare_C_Series-2.1.4.178\examples\boards\ek-tm4c123gxl\freertos_demo\ewarm\Obj
[2] = dl7M_tln.a
[3] = driverlib.a
[4] = m7M_tls.a
[5] = rt7M_tl.a
[6] = shb_l.a

   9 912 bytes of readonly  code memory
   1 971 bytes of readonly  data memory
  31 190 bytes of readwrite data memory

Errors: none
Warnings: 1
